
There are no discarded input sections

Memory Configuration

Name             Origin             Length             Attributes
FLASH            0x08000000         0x00080000         xr
SRAM             0x20000000         0x00020000         xrw
*default*        0x00000000         0xffffffff

Linker script and memory map

LOAD /tmp/cc1w2zlx.o
                0x20020000                        _estack = (ORIGIN (SRAM) + LENGTH (SRAM))

.isr_vector     0x08000000        0x8
 *(.isr_vector)
 .isr_vector    0x08000000        0x8 /tmp/cc1w2zlx.o
                0x08000000                my_vector_table
                0x08000008                        . = ALIGN (0x4)

.text           0x08000008       0x1c
 *(.text*)
 .text          0x08000008       0x1c /tmp/cc1w2zlx.o
                0x08000008                Reset_Handler
                0x08000024                        . = ALIGN (0x4)

.glue_7         0x08000024        0x0
 .glue_7        0x08000024        0x0 linker stubs

.glue_7t        0x08000024        0x0
 .glue_7t       0x08000024        0x0 linker stubs

.vfp11_veneer   0x08000024        0x0
 .vfp11_veneer  0x08000024        0x0 linker stubs

.v4_bx          0x08000024        0x0
 .v4_bx         0x08000024        0x0 linker stubs

.iplt           0x08000024        0x0
 .iplt          0x08000024        0x0 /tmp/cc1w2zlx.o

.rel.dyn        0x08000024        0x0
 .rel.iplt      0x08000024        0x0 /tmp/cc1w2zlx.o

.rodata         0x08000024        0x0
 *(.rodata*)
                0x08000024                        . = ALIGN (0x4)

.data           0x20000000        0x4 load address 0x08000024
                0x20000000                        _sdata = .
 *(.data*)
 .data          0x20000000        0x4 /tmp/cc1w2zlx.o
                0x20000000                initialized_var
                0x20000004                        . = ALIGN (0x4)
                0x20000004                        _edata = .
                0x08000024                        _sidata = LOADADDR (.data)

.igot.plt       0x20000004        0x0 load address 0x08000028
 .igot.plt      0x20000004        0x0 /tmp/cc1w2zlx.o

.bss            0x20000004        0x4 load address 0x08000028
                0x20000004                        _sbss = .
 *(.bss*)
 .bss           0x20000004        0x4 /tmp/cc1w2zlx.o
                0x20000004                uninitialized_var
 *(COMMON)
                0x20000008                        . = ALIGN (0x4)
                0x20000008                        _ebss = .
                0x20000008                        _heap_start = .
                0x20020000                        _heap_end = _estack
OUTPUT(output.elf elf32-littlearm)
LOAD linker stubs

.comment        0x00000000       0x26
 .comment       0x00000000       0x26 /tmp/cc1w2zlx.o
                                 0x27 (size before relaxing)

.ARM.attributes
                0x00000000       0x2e
 .ARM.attributes
                0x00000000       0x2e /tmp/cc1w2zlx.o
